// Jest Snapshot v1, https://goo.gl/fbAQLP

exports[`App renders correctly 1`] = `
ShallowWrapper {
  "length": 1,
  Symbol(enzyme.__root__): [Circular],
  Symbol(enzyme.__unrendered__): <App
    tasks={
        Object {
            "1": "TASK",
          }
    }
/>,
  Symbol(enzyme.__renderer__): Object {
    "batchedUpdates": [Function],
    "getNode": [Function],
    "render": [Function],
    "simulateEvent": [Function],
    "unmount": [Function],
  },
  Symbol(enzyme.__node__): Object {
    "instance": null,
    "key": undefined,
    "nodeType": "host",
    "props": Object {
      "children": Array [
        <header>
          <div
                    className="h_1"
          >
                    <span
                              className="title"
                    >
                              Tasks
                    </span>
          </div>
          <div
                    className="h_2"
          >
                    <Button
                              active={false}
                              block={false}
                              bsClass="btn"
                              bsStyle="default"
                              className="btn btn-add-task"
                              disabled={false}
                              onClick={[Function]}
                    >
                              Add Task
                    </Button>
                    <Button
                              active={false}
                              block={false}
                              bsClass="btn"
                              bsStyle="default"
                              className="btn btn-save-tasklist"
                              disabled={false}
                              onClick={[Function]}
                    >
                              Save
                    </Button>
          </div>
</header>,
        <section>
          <div
                    className="error-msg"
          />
          <div
                    className="task-form"
          />
          <div
                    className="task-list"
          >
                    <Task
                              id="1"
                              remove={[Function]}
                              task="TASK"
                    />
          </div>
</section>,
      ],
      "className": "container",
    },
    "ref": null,
    "rendered": Array [
      Object {
        "instance": null,
        "key": undefined,
        "nodeType": "host",
        "props": Object {
          "children": Array [
            <div
              className="h_1"
>
              <span
                            className="title"
              >
                            Tasks
              </span>
</div>,
            <div
              className="h_2"
>
              <Button
                            active={false}
                            block={false}
                            bsClass="btn"
                            bsStyle="default"
                            className="btn btn-add-task"
                            disabled={false}
                            onClick={[Function]}
              >
                            Add Task
              </Button>
              <Button
                            active={false}
                            block={false}
                            bsClass="btn"
                            bsStyle="default"
                            className="btn btn-save-tasklist"
                            disabled={false}
                            onClick={[Function]}
              >
                            Save
              </Button>
</div>,
          ],
        },
        "ref": null,
        "rendered": Array [
          Object {
            "instance": null,
            "key": undefined,
            "nodeType": "host",
            "props": Object {
              "children": <span
                className="title"
>
                Tasks
</span>,
              "className": "h_1",
            },
            "ref": null,
            "rendered": Object {
              "instance": null,
              "key": undefined,
              "nodeType": "host",
              "props": Object {
                "children": "Tasks",
                "className": "title",
              },
              "ref": null,
              "rendered": "Tasks",
              "type": "span",
            },
            "type": "div",
          },
          Object {
            "instance": null,
            "key": undefined,
            "nodeType": "host",
            "props": Object {
              "children": Array [
                <Button
                  active={false}
                  block={false}
                  bsClass="btn"
                  bsStyle="default"
                  className="btn btn-add-task"
                  disabled={false}
                  onClick={[Function]}
>
                  Add Task
</Button>,
                <Button
                  active={false}
                  block={false}
                  bsClass="btn"
                  bsStyle="default"
                  className="btn btn-save-tasklist"
                  disabled={false}
                  onClick={[Function]}
>
                  Save
</Button>,
              ],
              "className": "h_2",
            },
            "ref": null,
            "rendered": Array [
              Object {
                "instance": null,
                "key": undefined,
                "nodeType": "class",
                "props": Object {
                  "active": false,
                  "block": false,
                  "bsClass": "btn",
                  "bsStyle": "default",
                  "children": "Add Task",
                  "className": "btn btn-add-task",
                  "disabled": false,
                  "onClick": [Function],
                },
                "ref": null,
                "rendered": "Add Task",
                "type": [Function],
              },
              Object {
                "instance": null,
                "key": undefined,
                "nodeType": "class",
                "props": Object {
                  "active": false,
                  "block": false,
                  "bsClass": "btn",
                  "bsStyle": "default",
                  "children": "Save",
                  "className": "btn btn-save-tasklist",
                  "disabled": false,
                  "onClick": [Function],
                },
                "ref": null,
                "rendered": "Save",
                "type": [Function],
              },
            ],
            "type": "div",
          },
        ],
        "type": "header",
      },
      Object {
        "instance": null,
        "key": undefined,
        "nodeType": "host",
        "props": Object {
          "children": Array [
            <div
              className="error-msg"
/>,
            <div
              className="task-form"
/>,
            <div
              className="task-list"
>
              <Task
                            id="1"
                            remove={[Function]}
                            task="TASK"
              />
</div>,
          ],
        },
        "ref": null,
        "rendered": Array [
          Object {
            "instance": null,
            "key": undefined,
            "nodeType": "host",
            "props": Object {
              "children": undefined,
              "className": "error-msg",
            },
            "ref": null,
            "rendered": null,
            "type": "div",
          },
          Object {
            "instance": null,
            "key": undefined,
            "nodeType": "host",
            "props": Object {
              "children": undefined,
              "className": "task-form",
            },
            "ref": null,
            "rendered": null,
            "type": "div",
          },
          Object {
            "instance": null,
            "key": undefined,
            "nodeType": "host",
            "props": Object {
              "children": Array [
                <Task
                  id="1"
                  remove={[Function]}
                  task="TASK"
/>,
              ],
              "className": "task-list",
            },
            "ref": null,
            "rendered": Array [
              Object {
                "instance": null,
                "key": "1",
                "nodeType": "class",
                "props": Object {
                  "id": "1",
                  "remove": [Function],
                  "task": "TASK",
                },
                "ref": null,
                "rendered": null,
                "type": [Function],
              },
            ],
            "type": "div",
          },
        ],
        "type": "section",
      },
    ],
    "type": "div",
  },
  Symbol(enzyme.__nodes__): Array [
    Object {
      "instance": null,
      "key": undefined,
      "nodeType": "host",
      "props": Object {
        "children": Array [
          <header>
            <div
                        className="h_1"
            >
                        <span
                                    className="title"
                        >
                                    Tasks
                        </span>
            </div>
            <div
                        className="h_2"
            >
                        <Button
                                    active={false}
                                    block={false}
                                    bsClass="btn"
                                    bsStyle="default"
                                    className="btn btn-add-task"
                                    disabled={false}
                                    onClick={[Function]}
                        >
                                    Add Task
                        </Button>
                        <Button
                                    active={false}
                                    block={false}
                                    bsClass="btn"
                                    bsStyle="default"
                                    className="btn btn-save-tasklist"
                                    disabled={false}
                                    onClick={[Function]}
                        >
                                    Save
                        </Button>
            </div>
</header>,
          <section>
            <div
                        className="error-msg"
            />
            <div
                        className="task-form"
            />
            <div
                        className="task-list"
            >
                        <Task
                                    id="1"
                                    remove={[Function]}
                                    task="TASK"
                        />
            </div>
</section>,
        ],
        "className": "container",
      },
      "ref": null,
      "rendered": Array [
        Object {
          "instance": null,
          "key": undefined,
          "nodeType": "host",
          "props": Object {
            "children": Array [
              <div
                className="h_1"
>
                <span
                                className="title"
                >
                                Tasks
                </span>
</div>,
              <div
                className="h_2"
>
                <Button
                                active={false}
                                block={false}
                                bsClass="btn"
                                bsStyle="default"
                                className="btn btn-add-task"
                                disabled={false}
                                onClick={[Function]}
                >
                                Add Task
                </Button>
                <Button
                                active={false}
                                block={false}
                                bsClass="btn"
                                bsStyle="default"
                                className="btn btn-save-tasklist"
                                disabled={false}
                                onClick={[Function]}
                >
                                Save
                </Button>
</div>,
            ],
          },
          "ref": null,
          "rendered": Array [
            Object {
              "instance": null,
              "key": undefined,
              "nodeType": "host",
              "props": Object {
                "children": <span
                  className="title"
>
                  Tasks
</span>,
                "className": "h_1",
              },
              "ref": null,
              "rendered": Object {
                "instance": null,
                "key": undefined,
                "nodeType": "host",
                "props": Object {
                  "children": "Tasks",
                  "className": "title",
                },
                "ref": null,
                "rendered": "Tasks",
                "type": "span",
              },
              "type": "div",
            },
            Object {
              "instance": null,
              "key": undefined,
              "nodeType": "host",
              "props": Object {
                "children": Array [
                  <Button
                    active={false}
                    block={false}
                    bsClass="btn"
                    bsStyle="default"
                    className="btn btn-add-task"
                    disabled={false}
                    onClick={[Function]}
>
                    Add Task
</Button>,
                  <Button
                    active={false}
                    block={false}
                    bsClass="btn"
                    bsStyle="default"
                    className="btn btn-save-tasklist"
                    disabled={false}
                    onClick={[Function]}
>
                    Save
</Button>,
                ],
                "className": "h_2",
              },
              "ref": null,
              "rendered": Array [
                Object {
                  "instance": null,
                  "key": undefined,
                  "nodeType": "class",
                  "props": Object {
                    "active": false,
                    "block": false,
                    "bsClass": "btn",
                    "bsStyle": "default",
                    "children": "Add Task",
                    "className": "btn btn-add-task",
                    "disabled": false,
                    "onClick": [Function],
                  },
                  "ref": null,
                  "rendered": "Add Task",
                  "type": [Function],
                },
                Object {
                  "instance": null,
                  "key": undefined,
                  "nodeType": "class",
                  "props": Object {
                    "active": false,
                    "block": false,
                    "bsClass": "btn",
                    "bsStyle": "default",
                    "children": "Save",
                    "className": "btn btn-save-tasklist",
                    "disabled": false,
                    "onClick": [Function],
                  },
                  "ref": null,
                  "rendered": "Save",
                  "type": [Function],
                },
              ],
              "type": "div",
            },
          ],
          "type": "header",
        },
        Object {
          "instance": null,
          "key": undefined,
          "nodeType": "host",
          "props": Object {
            "children": Array [
              <div
                className="error-msg"
/>,
              <div
                className="task-form"
/>,
              <div
                className="task-list"
>
                <Task
                                id="1"
                                remove={[Function]}
                                task="TASK"
                />
</div>,
            ],
          },
          "ref": null,
          "rendered": Array [
            Object {
              "instance": null,
              "key": undefined,
              "nodeType": "host",
              "props": Object {
                "children": undefined,
                "className": "error-msg",
              },
              "ref": null,
              "rendered": null,
              "type": "div",
            },
            Object {
              "instance": null,
              "key": undefined,
              "nodeType": "host",
              "props": Object {
                "children": undefined,
                "className": "task-form",
              },
              "ref": null,
              "rendered": null,
              "type": "div",
            },
            Object {
              "instance": null,
              "key": undefined,
              "nodeType": "host",
              "props": Object {
                "children": Array [
                  <Task
                    id="1"
                    remove={[Function]}
                    task="TASK"
/>,
                ],
                "className": "task-list",
              },
              "ref": null,
              "rendered": Array [
                Object {
                  "instance": null,
                  "key": "1",
                  "nodeType": "class",
                  "props": Object {
                    "id": "1",
                    "remove": [Function],
                    "task": "TASK",
                  },
                  "ref": null,
                  "rendered": null,
                  "type": [Function],
                },
              ],
              "type": "div",
            },
          ],
          "type": "section",
        },
      ],
      "type": "div",
    },
  ],
  Symbol(enzyme.__options__): Object {
    "adapter": ReactSixteenAdapter {
      "options": Object {
        "enableComponentDidUpdateOnSetState": true,
      },
    },
    "disableLifecycleMethods": true,
  },
}
`;
