// Jest Snapshot v1, https://goo.gl/fbAQLP

exports[`TaskForm renders correctly 1`] = `
ShallowWrapper {
  "length": 1,
  Symbol(enzyme.__root__): [Circular],
  Symbol(enzyme.__unrendered__): <TaskForm
    addNewTask={[Function]}
/>,
  Symbol(enzyme.__renderer__): Object {
    "batchedUpdates": [Function],
    "getNode": [Function],
    "render": [Function],
    "simulateEvent": [Function],
    "unmount": [Function],
  },
  Symbol(enzyme.__node__): Object {
    "instance": null,
    "key": undefined,
    "nodeType": "host",
    "props": Object {
      "children": Array [
        <Form
          bsClass="form"
          componentClass="form"
          horizontal={false}
          inline={false}
>
          <FormGroup
                    bsClass="form-group"
          >
                    <FormControl
                              bsClass="form-control"
                              className="input-task"
                              componentClass="input"
                              onChange={[Function]}
                              placeholder="NEW TASK"
                    />
          </FormGroup>
</Form>,
        <Button
          active={false}
          block={false}
          bsClass="btn"
          bsStyle="default"
          className="btn btn-add-newtask"
          disabled={false}
          onClick={[Function]}
>
          Submit
</Button>,
      ],
    },
    "ref": null,
    "rendered": Array [
      Object {
        "instance": null,
        "key": undefined,
        "nodeType": "class",
        "props": Object {
          "bsClass": "form",
          "children": <FormGroup
            bsClass="form-group"
>
            <FormControl
                        bsClass="form-control"
                        className="input-task"
                        componentClass="input"
                        onChange={[Function]}
                        placeholder="NEW TASK"
            />
</FormGroup>,
          "componentClass": "form",
          "horizontal": false,
          "inline": false,
        },
        "ref": null,
        "rendered": Object {
          "instance": null,
          "key": undefined,
          "nodeType": "class",
          "props": Object {
            "bsClass": "form-group",
            "children": <FormControl
              bsClass="form-control"
              className="input-task"
              componentClass="input"
              onChange={[Function]}
              placeholder="NEW TASK"
/>,
          },
          "ref": null,
          "rendered": Object {
            "instance": null,
            "key": undefined,
            "nodeType": "class",
            "props": Object {
              "bsClass": "form-control",
              "className": "input-task",
              "componentClass": "input",
              "onChange": [Function],
              "placeholder": "NEW TASK",
            },
            "ref": null,
            "rendered": null,
            "type": [Function],
          },
          "type": [Function],
        },
        "type": [Function],
      },
      Object {
        "instance": null,
        "key": undefined,
        "nodeType": "class",
        "props": Object {
          "active": false,
          "block": false,
          "bsClass": "btn",
          "bsStyle": "default",
          "children": "Submit",
          "className": "btn btn-add-newtask",
          "disabled": false,
          "onClick": [Function],
        },
        "ref": null,
        "rendered": "Submit",
        "type": [Function],
      },
    ],
    "type": "div",
  },
  Symbol(enzyme.__nodes__): Array [
    Object {
      "instance": null,
      "key": undefined,
      "nodeType": "host",
      "props": Object {
        "children": Array [
          <Form
            bsClass="form"
            componentClass="form"
            horizontal={false}
            inline={false}
>
            <FormGroup
                        bsClass="form-group"
            >
                        <FormControl
                                    bsClass="form-control"
                                    className="input-task"
                                    componentClass="input"
                                    onChange={[Function]}
                                    placeholder="NEW TASK"
                        />
            </FormGroup>
</Form>,
          <Button
            active={false}
            block={false}
            bsClass="btn"
            bsStyle="default"
            className="btn btn-add-newtask"
            disabled={false}
            onClick={[Function]}
>
            Submit
</Button>,
        ],
      },
      "ref": null,
      "rendered": Array [
        Object {
          "instance": null,
          "key": undefined,
          "nodeType": "class",
          "props": Object {
            "bsClass": "form",
            "children": <FormGroup
              bsClass="form-group"
>
              <FormControl
                            bsClass="form-control"
                            className="input-task"
                            componentClass="input"
                            onChange={[Function]}
                            placeholder="NEW TASK"
              />
</FormGroup>,
            "componentClass": "form",
            "horizontal": false,
            "inline": false,
          },
          "ref": null,
          "rendered": Object {
            "instance": null,
            "key": undefined,
            "nodeType": "class",
            "props": Object {
              "bsClass": "form-group",
              "children": <FormControl
                bsClass="form-control"
                className="input-task"
                componentClass="input"
                onChange={[Function]}
                placeholder="NEW TASK"
/>,
            },
            "ref": null,
            "rendered": Object {
              "instance": null,
              "key": undefined,
              "nodeType": "class",
              "props": Object {
                "bsClass": "form-control",
                "className": "input-task",
                "componentClass": "input",
                "onChange": [Function],
                "placeholder": "NEW TASK",
              },
              "ref": null,
              "rendered": null,
              "type": [Function],
            },
            "type": [Function],
          },
          "type": [Function],
        },
        Object {
          "instance": null,
          "key": undefined,
          "nodeType": "class",
          "props": Object {
            "active": false,
            "block": false,
            "bsClass": "btn",
            "bsStyle": "default",
            "children": "Submit",
            "className": "btn btn-add-newtask",
            "disabled": false,
            "onClick": [Function],
          },
          "ref": null,
          "rendered": "Submit",
          "type": [Function],
        },
      ],
      "type": "div",
    },
  ],
  Symbol(enzyme.__options__): Object {
    "adapter": ReactSixteenAdapter {
      "options": Object {
        "enableComponentDidUpdateOnSetState": true,
      },
    },
    "disableLifecycleMethods": true,
  },
}
`;
